ARM Linker, RVCT4.0 [Build 524] for uVision [Standard]

==============================================================================

Section Cross References

    main.o(.text) refers (Special) to compat_c99.o(.text) for __use_c99_library
    main.o(.text) refers to bsp.o(.text) for System_Setup
    main.o(.text) refers to usr_flash.o(.text) for Usr_Flash_Init
    main.o(.text) refers to usr_dsp.o(.text) for DSP_Init
    main.o(.text) refers to os_core.o(.text) for OSInit
    main.o(.text) refers to usr_task.o(.text) for Task_Init
    main.o(.text) refers to netconf.o(.text) for DHCP_Periodic_Handle
    main.o(.text) refers to stm32f10x_usart.o(.text) for USART_SendData
    main.o(.text) refers to main.o(.data) for LocalTime
    main.o(.data) refers (Special) to compat_c99.o(.text) for __use_c99_library
    stm32f10x_it.o(.text) refers (Special) to compat_c99.o(.text) for __use_c99_library
    stm32f10x_it.o(.text) refers to os_cpu_a.o(.text) for OS_CPU_SR_Save
    stm32f10x_it.o(.text) refers to netconf.o(.text) for LwIP_Pkt_Handle
    stm32f10x_it.o(.text) refers to stm32_eth.o(.text) for ETH_GetRxPktSize
    stm32f10x_it.o(.text) refers to os_core.o(.text) for OSIntExit
    stm32f10x_it.o(.text) refers to usr_usart2.o(.text) for USART2_Handle
    stm32f10x_it.o(.text) refers to usr_dsp.o(.text) for DSP_ReseveMsg
    stm32f10x_it.o(.text) refers to gsm_com_driver.o(.text) for GSM_RxTxISRHandler
    stm32f10x_it.o(.text) refers to os_core.o(.data) for OSIntNesting
    netconf.o(.text) refers to mem.o(.text) for mem_init
    netconf.o(.text) refers to memp.o(.text) for memp_init
    netconf.o(.text) refers to inet.o(.text) for htonl
    netconf.o(.text) refers to ethernetif.o(.text) for Set_MAC_Address
    netconf.o(.text) refers to netif.o(.text) for netif_add
    netconf.o(.text) refers to tcp.o(.text) for tcp_tmr
    netconf.o(.text) refers to etharp.o(.text) for etharp_tmr
    netconf.o(.text) refers to netconf.o(.bss) for netif
    netconf.o(.text) refers to netconf.o(.data) for TCPTimer
    server.o(.text) refers (Special) to _printf_d.o(.ARM.Collect$$_printf_percent$$00000009) for _printf_d
    server.o(.text) refers (Special) to _printf_dec.o(.text) for _printf_int_dec
    server.o(.text) refers (Special) to _printf_percent.o(.ARM.Collect$$_printf_percent$$00000000) for _printf_percent
    server.o(.text) refers to tcp.o(.text) for tcp_recved
    server.o(.text) refers to strncmp.o(.text) for strncmp
    server.o(.text) refers to usr_dsp.o(.text) for DSP_Start
    server.o(.text) refers to __2sprintf.o(.text) for __2sprintf
    server.o(.text) refers to strlen.o(.text) for strlen
    server.o(.text) refers to usr_server.o(.text) for SendCharBuff
    server.o(.text) refers to atoi.o(.text) for atoi
    server.o(.text) refers to usr_flash.o(.text) for GetRecordIndexById
    server.o(.text) refers to pbuf.o(.text) for pbuf_free
    server.o(.text) refers to usr_dsp.o(.data) for DSPState
    server.o(.text) refers to usr_flash.o(.bss) for WMFlag
    server.o(.text) refers to server.o(.data) for gPcb
    server.o(.text) refers to ip_addr.o(.constdata) for ip_addr_any
    server.o(.data) refers (Special) to _printf_d.o(.ARM.Collect$$_printf_percent$$00000009) for _printf_d
    server.o(.data) refers (Special) to _printf_dec.o(.text) for _printf_int_dec
    server.o(.data) refers (Special) to _printf_percent.o(.ARM.Collect$$_printf_percent$$00000000) for _printf_percent
    usr_task.o(.text) refers (Special) to compat_c99.o(.text) for __use_c99_library
    usr_task.o(.text) refers to gsm_com_driver.o(.text) for GSM_Init
    usr_task.o(.text) refers to usr_sim900.o(.text) for GPRS_Init
    usr_task.o(.text) refers to usr_flash.o(.text) for GetRecordIndexById
    usr_task.o(.text) refers to usr_http.o(.text) for GSM_Post_Record
    usr_task.o(.text) refers to gsm_txd.o(.text) for GSM_GPRS_SEND
    usr_task.o(.text) refers to os_time.o(.text) for OSTimeDlyHMSM
    usr_task.o(.text) refers to netconf.o(.text) for LwIP_Init
    usr_task.o(.text) refers to server.o(.text) for Server_init
    usr_task.o(.text) refers to main.o(.text) for System_Periodic_Handle
    usr_task.o(.text) refers to os_task.o(.text) for OSTaskCreateExt
    usr_task.o(.text) refers to os_cpu_c.o(.text) for OS_CPU_SysTickInit
    usr_task.o(.text) refers to os_core.o(.text) for OSStatInit
    usr_task.o(.text) refers to usr_task.o(.data) for .data
    usr_task.o(.text) refers to usr_flash.o(.bss) for WMFlag
    usr_task.o(.text) refers to usr_task.o(.bss) for .bss
    usr_task.o(.bss) refers (Special) to compat_c99.o(.text) for __use_c99_library
    usr_task.o(.data) refers (Special) to compat_c99.o(.text) for __use_c99_library
    bsp.o(.text) refers (Special) to compat_c99.o(.text) for __use_c99_library
    bsp.o(.text) refers to stm32f10x_usart.o(.text) for USART_Init
    bsp.o(.text) refers to stm32f10x_gpio.o(.text) for GPIO_ETH_MediaInterfaceConfig
    bsp.o(.text) refers to stm32f10x_rcc.o(.text) for RCC_PLL3Config
[...]
    tcp_err                                  0x080054fd   Thumb Code     6  tcp.o(.text)
    tcp_accept                               0x08005503   Thumb Code     4  tcp.o(.text)
    tcp_poll                                 0x08005507   Thumb Code    10  tcp.o(.text)
    tcp_input                                0x0800643b   Thumb Code  1238  tcp_in.o(.text)
    tcp_enqueue                              0x080069c3   Thumb Code  1148  tcp_out.o(.text)
    tcp_send_ctrl                            0x08006e3f   Thumb Code    28  tcp_out.o(.text)
    tcp_write                                0x08006e5b   Thumb Code    70  tcp_out.o(.text)
    tcp_output                               0x08006f5d   Thumb Code   636  tcp_out.o(.text)
    tcp_rst                                  0x080071d9   Thumb Code   204  tcp_out.o(.text)
    tcp_rexmit_rto                           0x080072a5   Thumb Code    70  tcp_out.o(.text)
    tcp_rexmit                               0x080072eb   Thumb Code    84  tcp_out.o(.text)
    tcp_keepalive                            0x0800733f   Thumb Code    92  tcp_out.o(.text)
    tcp_zero_window_probe                    0x0800739b   Thumb Code   102  tcp_out.o(.text)
    udp_input                                0x08007401   Thumb Code   414  udp.o(.text)
    udp_bind                                 0x0800759f   Thumb Code   112  udp.o(.text)
    udp_sendto_if                            0x0800760f   Thumb Code   232  udp.o(.text)
    udp_sendto                               0x080076f7   Thumb Code    46  udp.o(.text)
    udp_send                                 0x08007725   Thumb Code    20  udp.o(.text)
    udp_connect                              0x08007739   Thumb Code    94  udp.o(.text)
    udp_disconnect                           0x08007797   Thumb Code    28  udp.o(.text)
    udp_recv                                 0x080077b3   Thumb Code     6  udp.o(.text)
    udp_remove                               0x080077b9   Thumb Code    60  udp.o(.text)
    udp_new                                  0x080077f5   Thumb Code    28  udp.o(.text)
    mem_init                                 0x080078d5   Thumb Code    88  mem.o(.text)
    mem_free                                 0x0800792d   Thumb Code   118  mem.o(.text)
    mem_realloc                              0x080079a3   Thumb Code   330  mem.o(.text)
    mem_malloc                               0x08007aed   Thumb Code   332  mem.o(.text)
    mem_calloc                               0x08007c39   Thumb Code    34  mem.o(.text)
    memp_init                                0x08007c61   Thumb Code    90  memp.o(.text)
    memp_malloc                              0x08007cbb   Thumb Code    62  memp.o(.text)
    memp_free                                0x08007cf9   Thumb Code    42  memp.o(.text)
    netif_set_gw                             0x08007d2d   Thumb Code    12  netif.o(.text)
    netif_set_netmask                        0x08007d39   Thumb Code    12  netif.o(.text)
    netif_set_ipaddr                         0x08007d45   Thumb Code   126  netif.o(.text)
    netif_set_addr                           0x08007dc3   Thumb Code    40  netif.o(.text)
    netif_add                                0x08007deb   Thumb Code    96  netif.o(.text)
    netif_set_default                        0x08007e4b   Thumb Code     6  netif.o(.text)
    netif_remove                             0x08007e51   Thumb Code    72  netif.o(.text)
    netif_find                               0x08007e99   Thumb Code    64  netif.o(.text)
    netif_set_up                             0x08007ed9   Thumb Code    44  netif.o(.text)
    netif_set_down                           0x08007f05   Thumb Code    24  netif.o(.text)
    netif_is_up                              0x08007f1d   Thumb Code    12  netif.o(.text)
    pbuf_free                                0x08007f3d   Thumb Code   156  pbuf.o(.text)
    pbuf_alloc                               0x08007fd9   Thumb Code   570  pbuf.o(.text)
    pbuf_realloc                             0x08008213   Thumb Code   188  pbuf.o(.text)
    pbuf_header                              0x080082cf   Thumb Code   146  pbuf.o(.text)
    pbuf_clen                                0x08008361   Thumb Code    18  pbuf.o(.text)
    pbuf_ref                                 0x08008373   Thumb Code    10  pbuf.o(.text)
    pbuf_cat                                 0x0800837d   Thumb Code    82  pbuf.o(.text)
    pbuf_chain                               0x080083cf   Thumb Code    22  pbuf.o(.text)
    pbuf_dechain                             0x080083e5   Thumb Code    88  pbuf.o(.text)
    pbuf_copy                                0x0800843d   Thumb Code   232  pbuf.o(.text)
    pbuf_copy_partial                        0x08008525   Thumb Code   158  pbuf.o(.text)
    pbuf_take                                0x080085c3   Thumb Code   154  pbuf.o(.text)
    pbuf_coalesce                            0x0800865d   Thumb Code    68  pbuf.o(.text)
    raw_input                                0x080086a1   Thumb Code   100  raw.o(.text)
    raw_bind                                 0x08008705   Thumb Code    16  raw.o(.text)
    raw_connect                              0x08008715   Thumb Code    16  raw.o(.text)
    raw_recv                                 0x08008725   Thumb Code     6  raw.o(.text)
    raw_sendto                               0x0800872b   Thumb Code   164  raw.o(.text)
    raw_send                                 0x080087cf   Thumb Code    18  raw.o(.text)
    raw_remove                               0x080087e1   Thumb Code    60  raw.o(.text)
    raw_new                                  0x0800881d   Thumb Code    42  raw.o(.text)
    icmp_input                               0x0800884d   Thumb Code   446  icmp.o(.text)
    icmp_dest_unreach                        0x08008a8f   Thumb Code    18  icmp.o(.text)
    icmp_time_exceeded                       0x08008aa1   Thumb Code    18  icmp.o(.text)
    htonl                                    0x08008ab5   Thumb Code    26  inet.o(.text)
    inet_aton                                0x08008acf   Thumb Code   388  inet.o(.text)
    inet_addr                                0x08008c53   Thumb Code    24  inet.o(.text)
    inet_ntoa                                0x08008c6b   Thumb Code   112  inet.o(.text)
    htons                                    0x08008cdb   Thumb Code    12  inet.o(.text)
    ntohs                                    0x08008ce7   Thumb Code    12  inet.o(.text)
    ntohl                                    0x08008cf3   Thumb Code    12  inet.o(.text)
    inet_chksum_pseudo                       0x08008d59   Thumb Code   186  inet_chksum.o(.text)
    inet_chksum                              0x08008e13   Thumb Code    20  inet_chksum.o(.text)
    inet_chksum_pbuf                         0x08008e27   Thumb Code    86  inet_chksum.o(.text)
    ip_current_netif                         0x08008e7d   Thumb Code     6  ip.o(.text)
    ip_current_header                        0x08008e83   Thumb Code     8  ip.o(.text)
    ip_route                                 0x08008e8b   Thumb Code    70  ip.o(.text)
    ip_input                                 0x08008ed1   Thumb Code   394  ip.o(.text)
    ip_output_if                             0x0800905b   Thumb Code   290  ip.o(.text)
    ip_output                                0x0800917d   Thumb Code    52  ip.o(.text)
    ip_addr_isbroadcast                      0x080091bd   Thumb Code    78  ip_addr.o(.text)
    ip_reass_tmr                             0x080092ef   Thumb Code    48  ip_frag.o(.text)
    ip_reass                                 0x080095a3   Thumb Code   414  ip_frag.o(.text)
    ip_frag                                  0x08009741   Thumb Code   332  ip_frag.o(.text)
    etharp_tmr                               0x080098db   Thumb Code   154  etharp.o(.text)
    etharp_find_addr                         0x08009cfd   Thumb Code    78  etharp.o(.text)
    etharp_ip_input                          0x08009d4b   Thumb Code    58  etharp.o(.text)
    etharp_arp_input                         0x08009d85   Thumb Code   360  etharp.o(.text)
    etharp_request                           0x08009ff5   Thumb Code    36  etharp.o(.text)
    etharp_query                             0x0800a019   Thumb Code   482  etharp.o(.text)
    etharp_output                            0x0800a1fb   Thumb Code   190  etharp.o(.text)
    ethernet_input                           0x0800a2b9   Thumb Code   110  etharp.o(.text)
    GSM_InitTarget                           0x0800a331   Thumb Code   142  gsm_com_driver.o(.text)
    GSM_RxIntDis                             0x0800a3bf   Thumb Code    40  gsm_com_driver.o(.text)
    GSM_RxIntEn                              0x0800a3e7   Thumb Code    16  gsm_com_driver.o(.text)
    GSM_RxISRHandler                         0x0800a3f7   Thumb Code     2  gsm_com_driver.o(.text)
    GSM_RxTxISRHandler                       0x0800a3f9   Thumb Code   102  gsm_com_driver.o(.text)
    GSM_TxChar                               0x0800a45f   Thumb Code    28  gsm_com_driver.o(.text)
    GSM_TxString                             0x0800a47b   Thumb Code    22  gsm_com_driver.o(.text)
    GSM_TxIntDis                             0x0800a491   Thumb Code    40  gsm_com_driver.o(.text)
    GSM_TxIntEn                              0x0800a4b9   Thumb Code    40  gsm_com_driver.o(.text)
    NVIC_Config                              0x0800a4e1   Thumb Code    40  gsm_com_driver.o(.text)
    GPIO_Config                              0x0800a509   Thumb Code    24  gsm_com_driver.o(.text)
    EXIT_Config                              0x0800a521   Thumb Code    62  gsm_com_driver.o(.text)
    GSM_Init                                 0x0800a55f   Thumb Code    38  gsm_com_driver.o(.text)
    I2HEXa16                                 0x0800a59d   Thumb Code    92  gsm_gb2312_unicode.o(.text)
    I2HEXa8                                  0x0800a5f9   Thumb Code    44  gsm_gb2312_unicode.o(.text)
    I2DECa8                                  0x0800a625   Thumb Code    52  gsm_gb2312_unicode.o(.text)
    SearchGB                                 0x0800a659   Thumb Code    40  gsm_gb2312_unicode.o(.text)
    GB2UnicodeStr                            0x0800a681   Thumb Code   138  gsm_gb2312_unicode.o(.text)
    Process_CMT                              0x0800a711   Thumb Code   432  gsm_processes.o(.text)
    Process_IPD                              0x0800a8c1   Thumb Code    90  gsm_processes.o(.text)
    Process_CMGR                             0x0800a91b   Thumb Code     2  gsm_processes.o(.text)
    Process_CSCA                             0x0800a91d   Thumb Code   122  gsm_processes.o(.text)
    GSM_Process_switch                       0x0800a9a9   Thumb Code   124  gsm_rxd.o(.text)
    GSM_COM_ISR                              0x0800aa25   Thumb Code   280  gsm_rxd.o(.text)
    GSM_RxHandler                            0x0800ab3d   Thumb Code    22  gsm_rxd.o(.text)
    GSM_GetField                             0x0800ab53   Thumb Code   106  gsm_rxd.o(.text)
    GSM_Delays                               0x0800ac19   Thumb Code    26  gsm_txd.o(.text)
    GSM_Wait_OK                              0x0800ac33   Thumb Code    48  gsm_txd.o(.text)
    StrCat                                   0x0800ac63   Thumb Code    46  gsm_txd.o(.text)
    StrCpy                                   0x0800ac91   Thumb Code    22  gsm_txd.o(.text)
    GSM_InvertNumbers                        0x0800aca7   Thumb Code   116  gsm_txd.o(.text)
    GSM_TxHandler                            0x0800ad1b   Thumb Code     2  gsm_txd.o(.text)
    GSM_Configuration                        0x0800ad1d   Thumb Code   184  gsm_txd.o(.text)
    GSM_GPRS_TCP_Connect                     0x0800add5   Thumb Code   122  gsm_txd.o(.text)
    GSM_GPRS_UDP_Connect                     0x0800ae4f   Thumb Code   122  gsm_txd.o(.text)
    GSM_GPRS_TCP_CLOSE                       0x0800aec9   Thumb Code    26  gsm_txd.o(.text)
    GSM_GPRS_SEND                            0x0800aee3   Thumb Code    70  gsm_txd.o(.text)
    GSM_CALL                                 0x0800af29   Thumb Code    52  gsm_txd.o(.text)
    GSM_Answer_CALL                          0x0800af5d   Thumb Code    22  gsm_txd.o(.text)
    GSM_Hang_UP                              0x0800af73   Thumb Code    22  gsm_txd.o(.text)
    GSM_Send_TXT_CMG                         0x0800af89   Thumb Code    84  gsm_txd.o(.text)
    GSM_Send_CN_MSG                          0x0800afdd   Thumb Code   702  gsm_txd.o(.text)
    GSM_Send_CN_MSG2                         0x0800b29b   Thumb Code   254  gsm_txd.o(.text)
    GPRS_CopyWMRecord                        0x0800b399   Thumb Code   106  gsm_txd.o(.text)
    GPRS_CopyWMData                          0x0800b403   Thumb Code   114  gsm_txd.o(.text)
    NVIC_PriorityGroupConfig                 0x0800b4cd   Thumb Code    10  misc.o(.text)
    NVIC_Init                                0x0800b4d7   Thumb Code   102  misc.o(.text)
    NVIC_SetVectorTable                      0x0800b53d   Thumb Code    14  misc.o(.text)
    NVIC_SystemLPConfig                      0x0800b54b   Thumb Code    38  misc.o(.text)
    SysTick_CLKSourceConfig                  0x0800b571   Thumb Code    40  misc.o(.text)
    EXTI_DeInit                              0x0800b5ad   Thumb Code    32  stm32f10x_exti.o(.text)
    EXTI_Init                                0x0800b5cd   Thumb Code   154  stm32f10x_exti.o(.text)
    EXTI_StructInit                          0x0800b667   Thumb Code    16  stm32f10x_exti.o(.text)
    EXTI_GenerateSWInterrupt                 0x0800b677   Thumb Code    16  stm32f10x_exti.o(.text)
    EXTI_GetFlagStatus                       0x0800b687   Thumb Code    22  stm32f10x_exti.o(.text)
    EXTI_ClearFlag                           0x0800b69d   Thumb Code     8  stm32f10x_exti.o(.text)
    EXTI_GetITStatus                         0x0800b6a5   Thumb Code    34  stm32f10x_exti.o(.text)
    EXTI_ClearITPendingBit                   0x0800b6c7   Thumb Code     8  stm32f10x_exti.o(.text)
    FLASH_SetLatency                         0x0800b6dd   Thumb Code    16  stm32f10x_flash.o(.text)
    FLASH_HalfCycleAccessCmd                 0x0800b6ed   Thumb Code    22  stm32f10x_flash.o(.text)
    FLASH_PrefetchBufferCmd                  0x0800b703   Thumb Code    22  stm32f10x_flash.o(.text)
    FLASH_Unlock                             0x0800b719   Thumb Code    12  stm32f10x_flash.o(.text)
    FLASH_UnlockBank1                        0x0800b725   Thumb Code    12  stm32f10x_flash.o(.text)
    FLASH_Lock                               0x0800b731   Thumb Code    14  stm32f10x_flash.o(.text)
    FLASH_LockBank1                          0x0800b73f   Thumb Code    14  stm32f10x_flash.o(.text)
    FLASH_GetBank1Status                     0x0800b74d   Thumb Code    50  stm32f10x_flash.o(.text)
    FLASH_WaitForLastOperation               0x0800b77f   Thumb Code    38  stm32f10x_flash.o(.text)
    FLASH_ErasePage                          0x0800b7a5   Thumb Code    72  stm32f10x_flash.o(.text)
    FLASH_EraseAllPages                      0x0800b7ed   Thumb Code    68  stm32f10x_flash.o(.text)
    FLASH_WaitForLastBank1Operation          0x0800b831   Thumb Code    38  stm32f10x_flash.o(.text)
    FLASH_EraseAllBank1Pages                 0x0800b857   Thumb Code    68  stm32f10x_flash.o(.text)
    FLASH_GetReadOutProtectionStatus         0x0800b89b   Thumb Code    20  stm32f10x_flash.o(.text)
    FLASH_EraseOptionBytes                   0x0800b8af   Thumb Code   150  stm32f10x_flash.o(.text)
    FLASH_ProgramWord                        0x0800b945   Thumb Code    96  stm32f10x_flash.o(.text)
    FLASH_ProgramHalfWord                    0x0800b9a5   Thumb Code    60  stm32f10x_flash.o(.text)
    FLASH_ProgramOptionByteData              0x0800b9e1   Thumb Code    72  stm32f10x_flash.o(.text)
    FLASH_EnableWriteProtection              0x0800ba29   Thumb Code   220  stm32f10x_flash.o(.text)
    FLASH_ReadOutProtection                  0x0800bb05   Thumb Code   156  stm32f10x_flash.o(.text)
    FLASH_UserOptionByteConfig               0x0800bba1   Thumb Code    88  stm32f10x_flash.o(.text)
    FLASH_GetUserOptionByte                  0x0800bbf9   Thumb Code     8  stm32f10x_flash.o(.text)
    FLASH_GetWriteProtectionOptionByte       0x0800bc01   Thumb Code     6  stm32f10x_flash.o(.text)
    FLASH_GetPrefetchBufferStatus            0x0800bc07   Thumb Code    20  stm32f10x_flash.o(.text)
    FLASH_ITConfig                           0x0800bc1b   Thumb Code    26  stm32f10x_flash.o(.text)
    FLASH_GetFlagStatus                      0x0800bc35   Thumb Code    42  stm32f10x_flash.o(.text)
    FLASH_ClearFlag                          0x0800bc5f   Thumb Code     6  stm32f10x_flash.o(.text)
    FLASH_GetStatus                          0x0800bc65   Thumb Code    50  stm32f10x_flash.o(.text)
    GPIO_DeInit                              0x0800bca9   Thumb Code   172  stm32f10x_gpio.o(.text)
    GPIO_AFIODeInit                          0x0800bd55   Thumb Code    20  stm32f10x_gpio.o(.text)
    GPIO_Init                                0x0800bd69   Thumb Code   268  stm32f10x_gpio.o(.text)
    GPIO_StructInit                          0x0800be75   Thumb Code    16  stm32f10x_gpio.o(.text)
    GPIO_ReadInputDataBit                    0x0800be85   Thumb Code    18  stm32f10x_gpio.o(.text)
    GPIO_ReadInputData                       0x0800be97   Thumb Code     8  stm32f10x_gpio.o(.text)
    GPIO_ReadOutputDataBit                   0x0800be9f   Thumb Code    18  stm32f10x_gpio.o(.text)
    GPIO_ReadOutputData                      0x0800beb1   Thumb Code     8  stm32f10x_gpio.o(.text)
    GPIO_SetBits                             0x0800beb9   Thumb Code     4  stm32f10x_gpio.o(.text)
    GPIO_ResetBits                           0x0800bebd   Thumb Code     4  stm32f10x_gpio.o(.text)
    GPIO_WriteBit                            0x0800bec1   Thumb Code    10  stm32f10x_gpio.o(.text)
    GPIO_Write                               0x0800becb   Thumb Code     4  stm32f10x_gpio.o(.text)
    GPIO_PinLockConfig                       0x0800becf   Thumb Code    18  stm32f10x_gpio.o(.text)
    GPIO_EventOutputConfig                   0x0800bee1   Thumb Code    24  stm32f10x_gpio.o(.text)
    GPIO_EventOutputCmd                      0x0800bef9   Thumb Code     6  stm32f10x_gpio.o(.text)
    GPIO_PinRemapConfig                      0x0800beff   Thumb Code   136  stm32f10x_gpio.o(.text)
    GPIO_EXTILineConfig                      0x0800bf87   Thumb Code    60  stm32f10x_gpio.o(.text)
    GPIO_ETH_MediaInterfaceConfig            0x0800bfc3   Thumb Code     8  stm32f10x_gpio.o(.text)
    IWDG_WriteAccessCmd                      0x0800bff1   Thumb Code     6  stm32f10x_iwdg.o(.text)
    IWDG_SetPrescaler                        0x0800bff7   Thumb Code     6  stm32f10x_iwdg.o(.text)
    IWDG_SetReload                           0x0800bffd   Thumb Code     6  stm32f10x_iwdg.o(.text)
    IWDG_ReloadCounter                       0x0800c003   Thumb Code    10  stm32f10x_iwdg.o(.text)
    IWDG_Enable                              0x0800c00d   Thumb Code    10  stm32f10x_iwdg.o(.text)
    IWDG_GetFlagStatus                       0x0800c017   Thumb Code    20  stm32f10x_iwdg.o(.text)
    RCC_DeInit                               0x0800c031   Thumb Code    78  stm32f10x_rcc.o(.text)
    RCC_HSEConfig                            0x0800c07f   Thumb Code    70  stm32f10x_rcc.o(.text)
    RCC_GetFlagStatus                        0x0800c0c5   Thumb Code    56  stm32f10x_rcc.o(.text)
    RCC_WaitForHSEStartUp                    0x0800c0fd   Thumb Code    48  stm32f10x_rcc.o(.text)
    RCC_AdjustHSICalibrationValue            0x0800c12d   Thumb Code    18  stm32f10x_rcc.o(.text)
    RCC_HSICmd                               0x0800c13f   Thumb Code     6  stm32f10x_rcc.o(.text)
    RCC_PLLConfig                            0x0800c145   Thumb Code    22  stm32f10x_rcc.o(.text)
    RCC_PLLCmd                               0x0800c15b   Thumb Code     6  stm32f10x_rcc.o(.text)
    RCC_PREDIV1Config                        0x0800c161   Thumb Code    22  stm32f10x_rcc.o(.text)
    RCC_PREDIV2Config                        0x0800c177   Thumb Code    16  stm32f10x_rcc.o(.text)
    RCC_PLL2Config                           0x0800c187   Thumb Code    16  stm32f10x_rcc.o(.text)
    RCC_PLL2Cmd                              0x0800c197   Thumb Code     6  stm32f10x_rcc.o(.text)
    RCC_PLL3Config                           0x0800c19d   Thumb Code    16  stm32f10x_rcc.o(.text)
    RCC_PLL3Cmd                              0x0800c1ad   Thumb Code     6  stm32f10x_rcc.o(.text)
    RCC_SYSCLKConfig                         0x0800c1b3   Thumb Code    16  stm32f10x_rcc.o(.text)
    RCC_GetSYSCLKSource                      0x0800c1c3   Thumb Code    10  stm32f10x_rcc.o(.text)
    RCC_HCLKConfig                           0x0800c1cd   Thumb Code    16  stm32f10x_rcc.o(.text)
    RCC_PCLK1Config                          0x0800c1dd   Thumb Code    16  stm32f10x_rcc.o(.text)
    RCC_PCLK2Config                          0x0800c1ed   Thumb Code    18  stm32f10x_rcc.o(.text)
    RCC_ITConfig                             0x0800c1ff   Thumb Code    30  stm32f10x_rcc.o(.text)
    RCC_OTGFSCLKConfig                       0x0800c21d   Thumb Code     8  stm32f10x_rcc.o(.text)
    RCC_ADCCLKConfig                         0x0800c225   Thumb Code    16  stm32f10x_rcc.o(.text)
    RCC_I2S2CLKConfig                        0x0800c235   Thumb Code     6  stm32f10x_rcc.o(.text)
    RCC_I2S3CLKConfig                        0x0800c23b   Thumb Code     8  stm32f10x_rcc.o(.text)
    RCC_LSEConfig                            0x0800c243   Thumb Code    50  stm32f10x_rcc.o(.text)
    RCC_LSICmd                               0x0800c275   Thumb Code     6  stm32f10x_rcc.o(.text)
    RCC_RTCCLKConfig                         0x0800c27b   Thumb Code    12  stm32f10x_rcc.o(.text)
    RCC_RTCCLKCmd                            0x0800c287   Thumb Code     8  stm32f10x_rcc.o(.text)
    RCC_GetClocksFreq                        0x0800c28f   Thumb Code   374  stm32f10x_rcc.o(.text)
    RCC_AHBPeriphClockCmd                    0x0800c405   Thumb Code    72  stm32f10x_rcc.o(.text)
    RCC_APB2PeriphClockCmd                   0x0800c44d   Thumb Code    26  stm32f10x_rcc.o(.text)
    RCC_APB1PeriphClockCmd                   0x0800c467   Thumb Code    26  stm32f10x_rcc.o(.text)
    RCC_AHBPeriphResetCmd                    0x0800c481   Thumb Code    26  stm32f10x_rcc.o(.text)
    RCC_APB2PeriphResetCmd                   0x0800c49b   Thumb Code    26  stm32f10x_rcc.o(.text)
    RCC_APB1PeriphResetCmd                   0x0800c4b5   Thumb Code    26  stm32f10x_rcc.o(.text)
    RCC_BackupResetCmd                       0x0800c4cf   Thumb Code     6  stm32f10x_rcc.o(.text)
    RCC_ClockSecuritySystemCmd               0x0800c4d5   Thumb Code     6  stm32f10x_rcc.o(.text)
    RCC_MCOConfig                            0x0800c4db   Thumb Code     6  stm32f10x_rcc.o(.text)
    RCC_ClearFlag                            0x0800c4e1   Thumb Code    14  stm32f10x_rcc.o(.text)
    RCC_GetITStatus                          0x0800c4ef   Thumb Code    20  stm32f10x_rcc.o(.text)
    RCC_ClearITPendingBit                    0x0800c503   Thumb Code     6  stm32f10x_rcc.o(.text)
    USART_DeInit                             0x0800c515   Thumb Code   134  stm32f10x_usart.o(.text)
    USART_Init                               0x0800c59b   Thumb Code   210  stm32f10x_usart.o(.text)
    USART_StructInit                         0x0800c66d   Thumb Code    24  stm32f10x_usart.o(.text)
    USART_ClockInit                          0x0800c685   Thumb Code    32  stm32f10x_usart.o(.text)
    USART_ClockStructInit                    0x0800c6a5   Thumb Code    12  stm32f10x_usart.o(.text)
    USART_Cmd                                0x0800c6b1   Thumb Code    24  stm32f10x_usart.o(.text)
    USART_ITConfig                           0x0800c6c9   Thumb Code    72  stm32f10x_usart.o(.text)
    USART_DMACmd                             0x0800c711   Thumb Code    24  stm32f10x_usart.o(.text)
    USART_SetAddress                         0x0800c729   Thumb Code    18  stm32f10x_usart.o(.text)
    USART_WakeUpConfig                       0x0800c73b   Thumb Code    18  stm32f10x_usart.o(.text)
    USART_ReceiverWakeUpCmd                  0x0800c74d   Thumb Code    24  stm32f10x_usart.o(.text)
    USART_LINBreakDetectLengthConfig         0x0800c765   Thumb Code    18  stm32f10x_usart.o(.text)
    USART_LINCmd                             0x0800c777   Thumb Code    24  stm32f10x_usart.o(.text)
    USART_SendData                           0x0800c78f   Thumb Code     8  stm32f10x_usart.o(.text)
    USART_ReceiveData                        0x0800c797   Thumb Code    10  stm32f10x_usart.o(.text)
    USART_SendBreak                          0x0800c7a1   Thumb Code    10  stm32f10x_usart.o(.text)
    USART_SetGuardTime                       0x0800c7ab   Thumb Code    16  stm32f10x_usart.o(.text)
    USART_SetPrescaler                       0x0800c7bb   Thumb Code    16  stm32f10x_usart.o(.text)
    USART_SmartCardCmd                       0x0800c7cb   Thumb Code    24  stm32f10x_usart.o(.text)
    USART_SmartCardNACKCmd                   0x0800c7e3   Thumb Code    24  stm32f10x_usart.o(.text)
    USART_HalfDuplexCmd                      0x0800c7fb   Thumb Code    24  stm32f10x_usart.o(.text)
    USART_OverSampling8Cmd                   0x0800c813   Thumb Code    22  stm32f10x_usart.o(.text)
    USART_OneBitMethodCmd                    0x0800c829   Thumb Code    24  stm32f10x_usart.o(.text)
    USART_IrDAConfig                         0x0800c841   Thumb Code    18  stm32f10x_usart.o(.text)
    USART_IrDACmd                            0x0800c853   Thumb Code    24  stm32f10x_usart.o(.text)
    USART_GetFlagStatus                      0x0800c86b   Thumb Code    26  stm32f10x_usart.o(.text)
    USART_ClearFlag                          0x0800c885   Thumb Code    18  stm32f10x_usart.o(.text)
    USART_GetITStatus                        0x0800c897   Thumb Code    84  stm32f10x_usart.o(.text)
    USART_ClearITPendingBit                  0x0800c8eb   Thumb Code    50  stm32f10x_usart.o(.text)
    Usr_Flash_Write                          0x0800c91d   Thumb Code    78  usr_flash.o(.text)
    Usr_Flash_Erase                          0x0800c96b   Thumb Code    30  usr_flash.o(.text)
    GetWMHeader                              0x0800c989   Thumb Code    24  usr_flash.o(.text)
    SetWMHeader                              0x0800c9a1   Thumb Code    46  usr_flash.o(.text)
    GetWM                                    0x0800c9cf   Thumb Code    42  usr_flash.o(.text)
    WriteWM                                  0x0800c9f9   Thumb Code    68  usr_flash.o(.text)
    EraseWM                                  0x0800ca3d   Thumb Code    60  usr_flash.o(.text)
    GetRecordHeader                          0x0800ca79   Thumb Code    26  usr_flash.o(.text)
    GetRecordLastID                          0x0800ca93   Thumb Code     6  usr_flash.o(.text)
    SetRecordHeader                          0x0800ca99   Thumb Code    54  usr_flash.o(.text)
    GetRecord                                0x0800cacf   Thumb Code    46  usr_flash.o(.text)
    WriteRecord                              0x0800cafd   Thumb Code    98  usr_flash.o(.text)
    EraseRecord                              0x0800cb5f   Thumb Code    62  usr_flash.o(.text)
    GetRecordIndexById                       0x0800cb9d   Thumb Code    56  usr_flash.o(.text)
    Usr_Flash_Init                           0x0800cbd5   Thumb Code   110  usr_flash.o(.text)
    DSP_Init                                 0x0800cc65   Thumb Code    34  usr_dsp.o(.text)
    DSP_Start                                0x0800cc87   Thumb Code    26  usr_dsp.o(.text)
    DSP_Stop                                 0x0800cca1   Thumb Code    26  usr_dsp.o(.text)
    DSP_ReseveMsg                            0x0800ccbb   Thumb Code   122  usr_dsp.o(.text)
    Find_One                                 0x0800cd35   Thumb Code    20  usr_dsp.o(.text)
    Find_Str                                 0x0800cd49   Thumb Code    30  usr_dsp.o(.text)
    Handle_Water                             0x0800cd67   Thumb Code   412  usr_dsp.o(.text)
    DSP_Water_Handle                         0x0800cf03   Thumb Code    92  usr_dsp.o(.text)
    USART_SendStr                            0x0800cf81   Thumb Code    40  usr_usart2.o(.text)
    USART_SendWMData                         0x0800cfa9   Thumb Code   108  usr_usart2.o(.text)
    USART_SendRecord                         0x0800d015   Thumb Code   116  usr_usart2.o(.text)
    USART2_Handle                            0x0800d089   Thumb Code   130  usr_usart2.o(.text)
    USART2_Printf                            0x0800d10b   Thumb Code    38  usr_usart2.o(.text)
    URL_Decode                               0x0800d159   Thumb Code   142  urlencode.o(.text)
    SendNetPacket                            0x0800d1e9   Thumb Code    94  usr_server.o(.text)
    SendCharBuff                             0x0800d247   Thumb Code    38  usr_server.o(.text)
    SendPacketEnd                            0x0800d26d   Thumb Code    32  usr_server.o(.text)
    TCP_SendRecord                           0x0800d28d   Thumb Code   108  usr_server.o(.text)
    TCP_AddWMData                            0x0800d2f9   Thumb Code    76  usr_server.o(.text)
    TCP_SendWMData                           0x0800d345   Thumb Code   124  usr_server.o(.text)
    post_data                                0x0800d3d9   Thumb Code    42  usr_http.o(.text)
    post_http                                0x0800d403   Thumb Code    70  usr_http.o(.text)
    GSM_Post_Record                          0x0800d449   Thumb Code    96  usr_http.o(.text)
    GSM_Post_Beat                            0x0800d4a9   Thumb Code    36  usr_http.o(.text)
    GSM_SendRecord                           0x0800d4cd   Thumb Code    28  usr_http.o(.text)
    GPRS_Init                                0x0800d541   Thumb Code    76  usr_sim900.o(.text)
    GPRS_DNS_Init                            0x0800d58d   Thumb Code    40  usr_sim900.o(.text)
    GPRS_TCP_Connet                          0x0800d5b5   Thumb Code    50  usr_sim900.o(.text)
    GPRS_TCP_Send                            0x0800d5e7   Thumb Code     2  usr_sim900.o(.text)
    GRRS_TCP_Close                           0x0800d5e9   Thumb Code    22  usr_sim900.o(.text)
    GRPS_TCP_Recv                            0x0800d5ff   Thumb Code     2  usr_sim900.o(.text)
    __c89vsprintf                            0x0800d699   Thumb Code    34  c89vsprintf.o(.text)
    __2sprintf                               0x0800d6c1   Thumb Code    38  __2sprintf.o(.text)
    _printf_pre_padding                      0x0800d6ed   Thumb Code    42  _printf_pad.o(.text)
    _printf_post_padding                     0x0800d717   Thumb Code    34  _printf_pad.o(.text)
    _printf_int_dec                          0x0800d739   Thumb Code    96  _printf_dec.o(.text)
    _printf_longlong_hex                     0x0800d7a9   Thumb Code   116  _printf_hex_int_ll_ptr.o(.text)
    _printf_int_hex                          0x0800d81d   Thumb Code    28  _printf_hex_int_ll_ptr.o(.text)
    _printf_ll_hex                           0x0800d839   Thumb Code    10  _printf_hex_int_ll_ptr.o(.text)
    _printf_hex_ptr                          0x0800d843   Thumb Code    18  _printf_hex_int_ll_ptr.o(.text)
    __printf                                 0x0800d859   Thumb Code   410  __printf_flags_ss_wp.o(.text)
    atoi                                     0x0800d9f9   Thumb Code    26  atoi.o(.text)
    atol                                     0x0800da13   Thumb Code    26  atol.o(.text)
    strcat                                   0x0800da2d   Thumb Code    24  strcat.o(.text)
    strcpy                                   0x0800da45   Thumb Code    74  strcpy.o(.text)
    strncmp                                  0x0800da8f   Thumb Code   140  strncmp.o(.text)
    strlen                                   0x0800db1b   Thumb Code    62  strlen.o(.text)
    __aeabi_memcpy                           0x0800db59   Thumb Code     0  rt_memcpy_v6.o(.text)
    __rt_memcpy                              0x0800db59   Thumb Code   140  rt_memcpy_v6.o(.text)
    _memcpy_lastbytes                        0x0800dbc1   Thumb Code     0  rt_memcpy_v6.o(.text)
    __aeabi_memclr                           0x0800dbe5   Thumb Code     0  rt_memclr.o(.text)
    __rt_memclr                              0x0800dbe5   Thumb Code    68  rt_memclr.o(.text)
    _memset                                  0x0800dbe9   Thumb Code     0  rt_memclr.o(.text)
    __aeabi_memclr4                          0x0800dc29   Thumb Code     0  rt_memclr_w.o(.text)
    __aeabi_memclr8                          0x0800dc29   Thumb Code     0  rt_memclr_w.o(.text)
    __rt_memclr_w                            0x0800dc29   Thumb Code    78  rt_memclr_w.o(.text)
    _memset_w                                0x0800dc2d   Thumb Code     0  rt_memclr_w.o(.text)
    strcmp                                   0x0800dc79   Thumb Code   128  strcmpv7m.o(.text)
    __use_two_region_memory                  0x0800dcf9   Thumb Code     2  heapauxi.o(.text)
    __rt_heap_escrow$2region                 0x0800dcfb   Thumb Code     2  heapauxi.o(.text)
    __rt_heap_expand$2region                 0x0800dcfd   Thumb Code     2  heapauxi.o(.text)
    __use_c99_library                        0x0800dcff   Thumb Code     2  compat_c99.o(.text)
    __aeabi_errno_addr                       0x0800dd01   Thumb Code    12  rt_errno_addr_intlibspace.o(.text)
    __errno$intlibspace                      0x0800dd01   Thumb Code     0  rt_errno_addr_intlibspace.o(.text)
    __rt_errno_addr$intlibspace              0x0800dd01   Thumb Code     0  rt_errno_addr_intlibspace.o(.text)
    _printf_truncate_signed                  0x0800dd0d   Thumb Code    18  _printf_truncate.o(.text)
    _printf_truncate_unsigned                0x0800dd1f   Thumb Code    18  _printf_truncate.o(.text)
    _printf_str                              0x0800dd31   Thumb Code    82  _printf_str.o(.text)
    _printf_int_common                       0x0800dd83   Thumb Code   174  _printf_intcommon.o(.text)
    _printf_charcount                        0x0800de31   Thumb Code    40  _printf_charcount.o(.text)
    __lib_sel_fp_printf                      0x0800de59   Thumb Code     2  _printf_fp_dec.o(.text)
    _printf_fp_dec_real                      0x0800e041   Thumb Code   608  _printf_fp_dec.o(.text)
    _printf_char_common                      0x0800e2ab   Thumb Code    34  _printf_char_common.o(.text)
    _sputc                                   0x0800e2d1   Thumb Code    10  _sputc.o(.text)
    _printf_wctomb                           0x0800e2dd   Thumb Code   178  _printf_wctomb.o(.text)
    _printf_longlong_dec                     0x0800e395   Thumb Code   124  _printf_longlong_dec.o(.text)
    _printf_longlong_oct                     0x0800e421   Thumb Code    94  _printf_oct_int_ll.o(.text)
    _printf_int_oct                          0x0800e47f   Thumb Code    24  _printf_oct_int_ll.o(.text)
    _printf_ll_oct                           0x0800e497   Thumb Code    10  _printf_oct_int_ll.o(.text)
    strtol                                   0x0800e4a9   Thumb Code   112  strtol.o(.text)
    __aeabi_memcpy4                          0x0800e519   Thumb Code     0  rt_memcpy_w.o(.text)
    __aeabi_memcpy8                          0x0800e519   Thumb Code     0  rt_memcpy_w.o(.text)
    __rt_memcpy_w                            0x0800e519   Thumb Code   100  rt_memcpy_w.o(.text)
    _memcpy_lastbytes_aligned                0x0800e561   Thumb Code     0  rt_memcpy_w.o(.text)
    __rt_udiv10                              0x0800e57d   Thumb Code    16  rtudiv10.o(.text)
    __user_libspace                          0x0800e58d   Thumb Code     8  libspace.o(.text)
    __user_perproc_libspace                  0x0800e58d   Thumb Code     0  libspace.o(.text)
    __user_perthread_libspace                0x0800e58d   Thumb Code     0  libspace.o(.text)
    __rt_ctype_table                         0x0800e595   Thumb Code    16  rt_ctype_table.o(.text)
    __rt_locale                              0x0800e5a5   Thumb Code    12  rt_locale_intlibspace.o(.text)
    _ll_udiv10                               0x0800e5b1   Thumb Code   138  lludiv10.o(.text)
    _printf_fp_infnan                        0x0800e63d   Thumb Code   108  _printf_fp_infnan.o(.text)
    _printf_cs_common                        0x0800e6b9   Thumb Code    20  _printf_char.o(.text)
    _printf_char                             0x0800e6cd   Thumb Code    16  _printf_char.o(.text)
    _printf_string                           0x0800e6dd   Thumb Code     8  _printf_char.o(.text)
    _printf_lcs_common                       0x0800e6e5   Thumb Code    20  _printf_wchar.o(.text)
    _printf_wchar                            0x0800e6f9   Thumb Code    16  _printf_wchar.o(.text)
    _printf_wstring                          0x0800e709   Thumb Code     8  _printf_wchar.o(.text)
    _strtoul                                 0x0800e711   Thumb Code   152  _strtoul.o(.text)
    _btod_etento                             0x0800e7a9   Thumb Code   202  bigflt0.o(.text)
    _wcrtomb                                 0x0800e879   Thumb Code    64  _wcrtomb.o(.text)
    __user_setup_stackheap                   0x0800e8b9   Thumb Code    74  sys_stackheap_outer.o(.text)
    _chval                                   0x0800e903   Thumb Code    32  _chval.o(.text)
    exit                                     0x0800e923   Thumb Code    12  exit.o(.text)
    _sys_exit                                0x0800e931   Thumb Code    16  sys_exit.o(.text)
    __I$use$semihosting                      0x0800e945   Thumb Code     0  use_no_semi.o(.text)
    __use_no_semihosting_swi                 0x0800e945   Thumb Code     2  use_no_semi.o(.text)
    _btod_d2e                                0x0800e947   Thumb Code    62  btod.o(CL$$btod_d2e)
    _d2e_denorm_low                          0x0800e985   Thumb Code    70  btod.o(CL$$btod_d2e_denorm_low)
    _d2e_norm_op1                            0x0800e9cb   Thumb Code    96  btod.o(CL$$btod_d2e_norm_op1)
    __btod_div_common                        0x0800ea2b   Thumb Code   696  btod.o(CL$$btod_div_common)
    _e2e                                     0x0800ed63   Thumb Code   198  btod.o(CL$$btod_e2e)
    _btod_ediv                               0x0800ee29   Thumb Code    40  btod.o(CL$$btod_ediv)
    _btod_emul                               0x0800ee51   Thumb Code    40  btod.o(CL$$btod_emul)
    __btod_mult_common                       0x0800ee79   Thumb Code   580  btod.o(CL$$btod_mult_common)
    __ARM_fpclassify                         0x0800f0bd   Thumb Code    40  fpclassify.o(i.__ARM_fpclassify)
    _get_lc_numeric                          0x0800f0e5   Thumb Code    44  lc_numeric_c.o(locale$$code)
    _get_lc_ctype                            0x0800f111   Thumb Code    44  lc_ctype_c.o(locale$$code)
    __aeabi_i2d                              0x0800f13d   Thumb Code     0  dflt_clz.o(x$fpl$dflt)
    _dflt                                    0x0800f13d   Thumb Code    44  dflt_clz.o(x$fpl$dflt)
    __dflt_normalise                         0x0800f14b   Thumb Code     0  dflt_clz.o(x$fpl$dflt)
    __aeabi_f2d                              0x0800f169   Thumb Code     0  f2d.o(x$fpl$f2d)
    _f2d                                     0x0800f169   Thumb Code    76  f2d.o(x$fpl$f2d)
    __fpl_inf_f2d                            0x0800f1ad   Thumb Code     0  f2d.o(x$fpl$f2d)
    __fpl_fcheck_NaN1                        0x0800f1b9   Thumb Code     6  fcheck1.o(x$fpl$fcheck1)
    __aeabi_i2f                              0x0800f1c5   Thumb Code     0  fflt_clz.o(x$fpl$fflt)
    _fflt                                    0x0800f1c5   Thumb Code    50  fflt_clz.o(x$fpl$fflt)
    __fflt_normalise                         0x0800f1d1   Thumb Code     0  fflt_clz.o(x$fpl$fflt)
    _printf_fp_dec                           0x0800f1f7   Thumb Code     4  printf1.o(x$fpl$printf1)
    __fpl_return_NaN                         0x0800f1fb   Thumb Code   100  retnan.o(x$fpl$retnan)
    __fpl_cmpreturn                          0x0800f25f   Thumb Code    48  trapv.o(x$fpl$trapveneer)
    __I$use$fp                               0x0800f28f   Thumb Code     0  usenofp.o(x$fpl$usenofp)
    OSDebugEn                                0x0800f290   Data           2  os_dbg.o(.constdata)
    OSEndiannessTest                         0x0800f294   Data           4  os_dbg.o(.constdata)
    OSEventEn                                0x0800f298   Data           2  os_dbg.o(.constdata)
    OSEventMax                               0x0800f29a   Data           2  os_dbg.o(.constdata)
    OSEventNameEn                            0x0800f29c   Data           2  os_dbg.o(.constdata)
    OSEventSize                              0x0800f29e   Data           2  os_dbg.o(.constdata)
    OSEventTblSize                           0x0800f2a0   Data           2  os_dbg.o(.constdata)
    OSEventMultiEn                           0x0800f2a2   Data           2  os_dbg.o(.constdata)
    OSFlagEn                                 0x0800f2a4   Data           2  os_dbg.o(.constdata)
    OSFlagGrpSize                            0x0800f2a6   Data           2  os_dbg.o(.constdata)
    OSFlagNodeSize                           0x0800f2a8   Data           2  os_dbg.o(.constdata)
    OSFlagWidth                              0x0800f2aa   Data           2  os_dbg.o(.constdata)
    OSFlagMax                                0x0800f2ac   Data           2  os_dbg.o(.constdata)
    OSFlagNameEn                             0x0800f2ae   Data           2  os_dbg.o(.constdata)
    OSLowestPrio                             0x0800f2b0   Data           2  os_dbg.o(.constdata)
    OSMboxEn                                 0x0800f2b2   Data           2  os_dbg.o(.constdata)
    OSMemEn                                  0x0800f2b4   Data           2  os_dbg.o(.constdata)
    OSMemMax                                 0x0800f2b6   Data           2  os_dbg.o(.constdata)
    OSMemNameEn                              0x0800f2b8   Data           2  os_dbg.o(.constdata)
    OSMemSize                                0x0800f2ba   Data           2  os_dbg.o(.constdata)
    OSMemTblSize                             0x0800f2bc   Data           2  os_dbg.o(.constdata)
    OSMutexEn                                0x0800f2be   Data           2  os_dbg.o(.constdata)
    OSPtrSize                                0x0800f2c0   Data           2  os_dbg.o(.constdata)
    OSQEn                                    0x0800f2c2   Data           2  os_dbg.o(.constdata)
    OSQMax                                   0x0800f2c4   Data           2  os_dbg.o(.constdata)
    OSQSize                                  0x0800f2c6   Data           2  os_dbg.o(.constdata)
    OSRdyTblSize                             0x0800f2c8   Data           2  os_dbg.o(.constdata)
    OSSemEn                                  0x0800f2ca   Data           2  os_dbg.o(.constdata)
    OSStkWidth                               0x0800f2cc   Data           2  os_dbg.o(.constdata)
    OSTaskCreateEn                           0x0800f2ce   Data           2  os_dbg.o(.constdata)
    OSTaskCreateExtEn                        0x0800f2d0   Data           2  os_dbg.o(.constdata)
    OSTaskDelEn                              0x0800f2d2   Data           2  os_dbg.o(.constdata)
    OSTaskIdleStkSize                        0x0800f2d4   Data           2  os_dbg.o(.constdata)
    OSTaskProfileEn                          0x0800f2d6   Data           2  os_dbg.o(.constdata)
    OSTaskMax                                0x0800f2d8   Data           2  os_dbg.o(.constdata)
    OSTaskNameEn                             0x0800f2da   Data           2  os_dbg.o(.constdata)
    OSTaskStatEn                             0x0800f2dc   Data           2  os_dbg.o(.constdata)
    OSTaskStatStkSize                        0x0800f2de   Data           2  os_dbg.o(.constdata)
    OSTaskStatStkChkEn                       0x0800f2e0   Data           2  os_dbg.o(.constdata)
    OSTaskSwHookEn                           0x0800f2e2   Data           2  os_dbg.o(.constdata)
    OSTaskRegTblSize                         0x0800f2e4   Data           2  os_dbg.o(.constdata)
    OSTCBPrioTblMax                          0x0800f2e6   Data           2  os_dbg.o(.constdata)
    OSTCBSize                                0x0800f2e8   Data           2  os_dbg.o(.constdata)
    OSTicksPerSec                            0x0800f2ea   Data           2  os_dbg.o(.constdata)
    OSTimeTickHookEn                         0x0800f2ec   Data           2  os_dbg.o(.constdata)
    OSVersionNbr                             0x0800f2ee   Data           2  os_dbg.o(.constdata)
    OSTmrEn                                  0x0800f2f0   Data           2  os_dbg.o(.constdata)
    OSTmrCfgMax                              0x0800f2f2   Data           2  os_dbg.o(.constdata)
    OSTmrCfgNameEn                           0x0800f2f4   Data           2  os_dbg.o(.constdata)
    OSTmrCfgWheelSize                        0x0800f2f6   Data           2  os_dbg.o(.constdata)
    OSTmrCfgTicksPerSec                      0x0800f2f8   Data           2  os_dbg.o(.constdata)
    OSTmrSize                                0x0800f2fa   Data           2  os_dbg.o(.constdata)
    OSTmrTblSize                             0x0800f2fc   Data           2  os_dbg.o(.constdata)
    OSTmrWheelSize                           0x0800f2fe   Data           2  os_dbg.o(.constdata)
    OSTmrWheelTblSize                        0x0800f300   Data           2  os_dbg.o(.constdata)
    OSDataSize                               0x0800f302   Data           2  os_dbg.o(.constdata)
    OSUnMapTbl                               0x0800f304   Data         256  os_core.o(.constdata)
    tcp_backoff                              0x0800f404   Data          13  tcp.o(.constdata)
    tcp_persist_backoff                      0x0800f411   Data           7  tcp.o(.constdata)
    ip_addr_any                              0x0800f43c   Data           4  ip_addr.o(.constdata)
    ip_addr_broadcast                        0x0800f440   Data           4  ip_addr.o(.constdata)
    ethbroadcast                             0x0800f444   Data           6  etharp.o(.constdata)
    ethzero                                  0x0800f44a   Data           6  etharp.o(.constdata)
    GB2312_Unicode                           0x0800f450   Data       29780  gsm_gb2312_unicode.o(.constdata)
    Region$$Table$$Base                      0x080169e8   Number         0  anon$$obj.o(Region$$Table)
    Region$$Table$$Limit                     0x08016a08   Number         0  anon$$obj.o(Region$$Table)
    __ctype                                  0x08016a31   Data           0  lc_ctype_c.o(locale$$data)
    LocalTime                                0x20000000   Data           4  main.o(.data)
    timingdelay                              0x20000004   Data           4  main.o(.data)
    TCPTimer                                 0x20000008   Data           4  netconf.o(.data)
    ARPTimer                                 0x2000000c   Data           4  netconf.o(.data)
    DHCPfineTimer                            0x20000010   Data           4  netconf.o(.data)
    DHCPcoarseTimer                          0x20000014   Data           4  netconf.o(.data)
    DisplayTimer                             0x2000001c   Data           4  netconf.o(.data)
    LedToggle                                0x20000020   Data           1  netconf.o(.data)
    Server                                   0x20000021   Data           1  netconf.o(.data)
    gPcb                                     0x20000024   Data           4  server.o(.data)
    Com1_Mbox                                0x20000030   Data           4  usr_task.o(.data)
    OSCtxSwCtr                               0x20000034   Data           4  os_core.o(.data)
    OSEventFreeList                          0x20000038   Data           4  os_core.o(.data)
    OSFlagFreeList                           0x2000003c   Data           4  os_core.o(.data)
    OSCPUUsage                               0x20000040   Data           1  os_core.o(.data)
    OSIdleCtrMax                             0x20000044   Data           4  os_core.o(.data)
    OSIdleCtrRun                             0x20000048   Data           4  os_core.o(.data)
    OSStatRdy                                0x2000004c   Data           1  os_core.o(.data)
    OSIntNesting                             0x2000004d   Data           1  os_core.o(.data)
    OSLockNesting                            0x2000004e   Data           1  os_core.o(.data)
    OSPrioCur                                0x2000004f   Data           1  os_core.o(.data)
    OSPrioHighRdy                            0x20000050   Data           1  os_core.o(.data)
    OSRdyGrp                                 0x20000051   Data           1  os_core.o(.data)
    OSRdyTbl                                 0x20000052   Data           4  os_core.o(.data)
    OSRunning                                0x20000056   Data           1  os_core.o(.data)
    OSTaskCtr                                0x20000057   Data           1  os_core.o(.data)
    OSIdleCtr                                0x20000058   Data           4  os_core.o(.data)
    OSTCBCur                                 0x2000005c   Data           4  os_core.o(.data)
    OSTCBFreeList                            0x20000060   Data           4  os_core.o(.data)
    OSTCBHighRdy                             0x20000064   Data           4  os_core.o(.data)
    OSTCBList                                0x20000068   Data           4  os_core.o(.data)
    OSTickStepState                          0x2000006c   Data           1  os_core.o(.data)
    OSTime                                   0x20000070   Data           4  os_core.o(.data)
    SystemCoreClock                          0x20000074   Data           4  system_stm32f10x.o(.data)
    AHBPrescTable                            0x20000078   Data          16  system_stm32f10x.o(.data)
    DMATxDescToSet                           0x20000088   Data           4  stm32_eth.o(.data)
    DMARxDescToGet                           0x2000008c   Data           4  stm32_eth.o(.data)
    DMAPTPTxDescToSet                        0x20000090   Data           4  stm32_eth.o(.data)
    DMAPTPRxDescToGet                        0x20000094   Data           4  stm32_eth.o(.data)
    DMATxDesc                                0x20000098   Data           4  ethernetif.o(.data)
    tcp_end_time                             0x2000009c   Data           4  ethernetif.o(.data)
    arp_end_time                             0x200000a0   Data           4  ethernetif.o(.data)
    MACaddr                                  0x200000a4   Data           6  ethernetif.o(.data)
    tcp_ticks                                0x200000b4   Data           4  tcp.o(.data)
    tcp_bound_pcbs                           0x200000b8   Data           4  tcp.o(.data)
    tcp_listen_pcbs                          0x200000bc   Data           4  tcp.o(.data)
    tcp_active_pcbs                          0x200000c0   Data           4  tcp.o(.data)
    tcp_tw_pcbs                              0x200000c4   Data           4  tcp.o(.data)
    tcp_tmp_pcb                              0x200000c8   Data           4  tcp.o(.data)
    tcp_input_pcb                            0x200000ec   Data           4  tcp_in.o(.data)
    udp_pcbs                                 0x200000f0   Data           4  udp.o(.data)
    netif_list                               0x20000108   Data           4  netif.o(.data)
    netif_default                            0x2000010c   Data           4  netif.o(.data)
    RX_RN_JP_NUM                             0x20000128   Data           1  gsm_rxd.o(.data)
    Test_counter                             0x2000012a   Data           2  gsm_rxd.o(.data)
    Flag_CMT                                 0x2000012c   Data           1  gsm_rxd.o(.data)
    Flag_CMGR                                0x2000012d   Data           1  gsm_rxd.o(.data)
    Flag_DATA                                0x2000012e   Data           1  gsm_rxd.o(.data)
    GSM_RX_nState                            0x2000012f   Data           1  gsm_rxd.o(.data)
    Rx_Index                                 0x20000130   Data           2  gsm_rxd.o(.data)
    GSM_pCommand                             0x20000132   Data           8  gsm_rxd.o(.data)
    FLASHStatus                              0x2000014e   Data           1  usr_flash.o(.data)
    DSPState                                 0x20000150   Data           1  usr_dsp.o(.data)
    g_WMRecord                               0x20000158   Data           8  usr_dsp.o(.data)
    netif                                    0x20000160   Data          48  netconf.o(.bss)
    OSEventTbl                               0x20002390   Data         400  os_core.o(.bss)
    OSFlagTbl                                0x20002520   Data          80  os_core.o(.bss)
    OSTaskStatStk                            0x20002570   Data         512  os_core.o(.bss)
    OSTaskIdleStk                            0x20002770   Data         512  os_core.o(.bss)
    OSTCBPrioTbl                             0x20002970   Data         128  os_core.o(.bss)
    OSTCBTbl                                 0x200029f0   Data        1056  os_core.o(.bss)
    DMARxDscrTab                             0x20002e10   Data          64  ethernetif.o(.bss)
    DMATxDscrTab                             0x20002e50   Data          32  ethernetif.o(.bss)
    Rx_Buff                                  0x20002e70   Data        6080  ethernetif.o(.bss)
    Tx_Buff                                  0x20004630   Data        3040  ethernetif.o(.bss)
    CMT                                      0x2000c7a0   Data         368  gsm_processes.o(.bss)
    CSCA                                     0x2000c910   Data          22  gsm_processes.o(.bss)
    IPD                                      0x2000c926   Data         504  gsm_processes.o(.bss)
    CLIP                                     0x2000cb1e   Data          22  gsm_processes.o(.bss)
    GSM_pData                                0x2000cb34   Data         400  gsm_rxd.o(.bss)
    strHead                                  0x2000ccc4   Data         100  gsm_txd.o(.bss)
    strMSG                                   0x2000cd28   Data         300  gsm_txd.o(.bss)
    MSGstr                                   0x2000ce54   Data         400  gsm_txd.o(.bss)
    tempp                                    0x2000cfe4   Data         300  gsm_txd.o(.bss)
    WMFlag                                   0x2000d110   Data          20  usr_flash.o(.bss)
    MessageData                              0x2000d124   Data          48  usr_dsp.o(.bss)
    perTemp                                  0x2000d154   Data         200  usr_server.o(.bss)
    __libspace_start                         0x2000d21c   Data          96  libspace.o(.bss)
    __temporary_stack_top$libspace           0x2000d27c   Data           0  libspace.o(.bss)



==============================================================================

Memory Map of the image

  Image Entry point : 0x08000151

  Load Region LR_IROM1 (Base: 0x08000000, Size: 0x00016c94, Max: 0x00040000, ABSOLUTE, COMPRESSED[0x00016b60])

    Execution Region ER_IROM1 (Base: 0x08000000, Size: 0x00016b34, Max: 0x00040000, ABSOLUTE)

    Base Addr    Size         Type   Attr      Idx    E Section Name        Object

    0x08000000   0x00000150   Data   RO          557    RESET               startup_stm32f10x_cl.o
    0x08000150   0x00000008   Code   RO         1445  * !!!main             __main.o(c_w.l)
    0x08000158   0x00000034   Code   RO         1737    !!!scatter          __scatter.o(c_w.l)
    0x0800018c   0x0000005a   Code   RO         1735    !!dczerorl2         __dczerorl2.o(c_w.l)
    0x080001e6   0x00000002   PAD
    0x080001e8   0x0000001c   Code   RO         1739    !!handler_zi        __scatter_zi.o(c_w.l)
    0x08000204   0x00000000   Code   RO         1420    .ARM.Collect$$_printf_percent$$00000000  _printf_percent.o(c_w.l)
    0x08000204   0x00000006   Code   RO         1489    .ARM.Collect$$_printf_percent$$00000001  _printf_n.o(c_w.l)
    0x0800020a   0x00000006   Code   RO         1490    .ARM.Collect$$_printf_percent$$00000002  _printf_p.o(c_w.l)
    0x08000210   0x00000006   Code   RO         1419    .ARM.Collect$$_printf_percent$$00000003  _printf_f.o(c_w.l)
    0x08000216   0x00000006   Code   RO         1494    .ARM.Collect$$_printf_percent$$00000004  _printf_e.o(c_w.l)
    0x0800021c   0x00000006   Code   RO         1495    .ARM.Collect$$_printf_percent$$00000005  _printf_g.o(c_w.l)
    0x08000222   0x00000006   Code   RO         1496    .ARM.Collect$$_printf_percent$$00000006  _printf_a.o(c_w.l)
    0x08000228   0x0000000a   Code   RO         1501    .ARM.Collect$$_printf_percent$$00000007  _printf_ll.o(c_w.l)
    0x08000232   0x00000006   Code   RO         1492    .ARM.Collect$$_printf_percent$$00000008  _printf_i.o(c_w.l)
    0x08000238   0x00000006   Code   RO         1418    .ARM.Collect$$_printf_percent$$00000009  _printf_d.o(c_w.l)
    0x0800023e   0x00000006   Code   RO         1493    .ARM.Collect$$_printf_percent$$0000000A  _printf_u.o(c_w.l)
    0x08000244   0x00000006   Code   RO         1491    .ARM.Collect$$_printf_percent$$0000000B  _printf_o.o(c_w.l)
    0x0800024a   0x00000006   Code   RO         1417    .ARM.Collect$$_printf_percent$$0000000C  _printf_x.o(c_w.l)
    0x08000250   0x00000006   Code   RO         1498    .ARM.Collect$$_printf_percent$$0000000D  _printf_lli.o(c_w.l)
    0x08000256   0x00000006   Code   RO         1499    .ARM.Collect$$_printf_percent$$0000000E  _printf_lld.o(c_w.l)
    0x0800025c   0x00000006   Code   RO         1500    .ARM.Collect$$_printf_percent$$0000000F  _printf_llu.o(c_w.l)
    0x08000262   0x00000006   Code   RO         1505    .ARM.Collect$$_printf_percent$$00000010  _printf_llo.o(c_w.l)
    0x08000268   0x00000006   Code   RO         1506    .ARM.Collect$$_printf_percent$$00000011  _printf_llx.o(c_w.l)
    0x0800026e   0x0000000a   Code   RO         1502    .ARM.Collect$$_printf_percent$$00000012  _printf_l.o(c_w.l)
    0x08000278   0x00000006   Code   RO         1487    .ARM.Collect$$_printf_percent$$00000013  _printf_c.o(c_w.l)
    0x0800027e   0x00000006   Code   RO         1488    .ARM.Collect$$_printf_percent$$00000014  _printf_s.o(c_w.l)
    0x08000284   0x00000006   Code   RO         1503    .ARM.Collect$$_printf_percent$$00000015  _printf_lc.o(c_w.l)
    0x0800028a   0x00000006   Code   RO         1504    .ARM.Collect$$_printf_percent$$00000016  _printf_ls.o(c_w.l)
    0x08000290   0x00000004   Code   RO         1497    .ARM.Collect$$_printf_percent$$00000017  _printf_percent_end.o(c_w.l)
    0x08000294   0x00000006   Code   RO         1611    .ARM.Collect$$libinit$$00000000  libinit.o(c_w.l)
    0x0800029a   0x00000000   Code   RO         1614    .ARM.Collect$$libinit$$00000006  libinit2.o(c_w.l)
    0x0800029a   0x00000000   Code   RO         1616    .ARM.Collect$$libinit$$00000008  libinit2.o(c_w.l)
    0x0800029a   0x00000000   Code   RO         1618    .ARM.Collect$$libinit$$0000000A  libinit2.o(c_w.l)
    0x0800029a   0x00000006   Code   RO         1619    .ARM.Collect$$libinit$$0000000B  libinit2.o(c_w.l)
    0x080002a0   0x00000000   Code   RO         1621    .ARM.Collect$$libinit$$0000000D  libinit2.o(c_w.l)
    0x080002a0   0x0000000c   Code   RO         1622    .ARM.Collect$$libinit$$0000000E  libinit2.o(c_w.l)
    0x080002ac   0x00000000   Code   RO         1623    .ARM.Collect$$libinit$$0000000F  libinit2.o(c_w.l)
    0x080002ac   0x00000000   Code   RO         1625    .ARM.Collect$$libinit$$00000011  libinit2.o(c_w.l)
    0x080002ac   0x0000000a   Code   RO         1626    .ARM.Collect$$libinit$$00000012  libinit2.o(c_w.l)
    0x080002b6   0x00000000   Code   RO         1627    .ARM.Collect$$libinit$$00000013  libinit2.o(c_w.l)
    0x080002b6   0x00000000   Code   RO         1629    .ARM.Collect$$libinit$$00000015  libinit2.o(c_w.l)
    0x080002b6   0x00000000   Code   RO         1631    .ARM.Collect$$libinit$$00000017  libinit2.o(c_w.l)
    0x080002b6   0x00000000   Code   RO         1633    .ARM.Collect$$libinit$$00000019  libinit2.o(c_w.l)
    0x080002b6   0x00000000   Code   RO         1635    .ARM.Collect$$libinit$$0000001B  libinit2.o(c_w.l)
    0x080002b6   0x00000000   Code   RO         1637    .ARM.Collect$$libinit$$0000001D  libinit2.o(c_w.l)
    0x080002b6   0x00000000   Code   RO         1639    .ARM.Collect$$libinit$$0000001F  libinit2.o(c_w.l)
    0x080002b6   0x00000000   Code   RO         1641    .ARM.Collect$$libinit$$00000021  libinit2.o(c_w.l)
    0x080002b6   0x00000000   Code   RO         1645    .ARM.Collect$$libinit$$00000028  libinit2.o(c_w.l)
    0x080002b6   0x00000000   Code   RO         1647    .ARM.Collect$$libinit$$0000002A  libinit2.o(c_w.l)
    0x080002b6   0x00000000   Code   RO         1649    .ARM.Collect$$libinit$$0000002C  libinit2.o(c_w.l)
    0x080002b6   0x00000000   Code   RO         1651    .ARM.Collect$$libinit$$0000002E  libinit2.o(c_w.l)
    0x080002b6   0x00000002   Code   RO         1652    .ARM.Collect$$libinit$$0000002F  libinit2.o(c_w.l)
    0x080002b8   0x00000002   Code   RO         1685    .ARM.Collect$$libshutdown$$00000000  libshutdown.o(c_w.l)
    0x080002ba   0x00000000   Code   RO         1696    .ARM.Collect$$libshutdown$$00000003  libshutdown2.o(c_w.l)
    0x080002ba   0x00000000   Code   RO         1699    .ARM.Collect$$libshutdown$$00000006  libshutdown2.o(c_w.l)
    0x080002ba   0x00000000   Code   RO         1702    .ARM.Collect$$libshutdown$$00000009  libshutdown2.o(c_w.l)
    0x080002ba   0x00000000   Code   RO         1704    .ARM.Collect$$libshutdown$$0000000B  libshutdown2.o(c_w.l)
    0x080002ba   0x00000000   Code   RO         1707    .ARM.Collect$$libshutdown$$0000000E  libshutdown2.o(c_w.l)
    0x080002ba   0x00000002   Code   RO         1708    .ARM.Collect$$libshutdown$$0000000F  libshutdown2.o(c_w.l)
    0x080002bc   0x00000000   Code   RO         1455    .ARM.Collect$$rtentry$$00000000  rtentry.o(c_w.l)
    0x080002bc   0x00000000   Code   RO         1524    .ARM.Collect$$rtentry$$00000002  rtentry2.o(c_w.l)
    0x080002bc   0x00000006   Code   RO         1539    .ARM.Collect$$rtentry$$00000004  rtentry4.o(c_w.l)
    0x080002c2   0x00000000   Code   RO         1526    .ARM.Collect$$rtentry$$00000009  rtentry2.o(c_w.l)
    0x080002c2   0x00000004   Code   RO         1527    .ARM.Collect$$rtentry$$0000000A  rtentry2.o(c_w.l)
    0x080002c6   0x00000000   Code   RO         1529    .ARM.Collect$$rtentry$$0000000C  rtentry2.o(c_w.l)
    0x080002c6   0x00000008   Code   RO         1530    .ARM.Collect$$rtentry$$0000000D  rtentry2.o(c_w.l)
    0x080002ce   0x00000000   Code   RO         1655    .ARM.Collect$$rtexit$$00000000  rtexit.o(c_w.l)
    0x080002ce   0x00000000   Code   RO         1662    .ARM.Collect$$rtexit$$00000002  rtexit2.o(c_w.l)
    0x080002ce   0x00000004   Code   RO         1663    .ARM.Collect$$rtexit$$00000003  rtexit2.o(c_w.l)
    0x080002d2   0x00000004   Code   RO         1664    .ARM.Collect$$rtexit$$00000004  rtexit2.o(c_w.l)
    0x080002d6   0x00000002   PAD
    0x080002d8   0x00000088   Code   RO            1    .text               main.o
    0x08000360   0x000000c4   Code   RO          199    .text               stm32f10x_it.o
    0x08000424   0x000000cc   Code   RO          239    .text               netconf.o
    0x080004f0   0x0000027c   Code   RO          279    .text               server.o
    0x0800076c   0x000001a8   Code   RO          319    .text               usr_task.o
    0x08000914   0x00000338   Code   RO          338    .text               bsp.o
    0x08000c4c   0x000000a4   Code   RO          353    .text               os_cpu_a.o
    0x08000cf0   0x00000104   Code   RO          357    .text               os_cpu_c.o
    0x08000df4   0x00000118   Code   RO          376    .text               os_dbg.o
    0x08000f0c   0x0000002a   Code   RO          406    .text               cpu_a.o
    0x08000f36   0x00000002   PAD
    0x08000f38   0x00000cf8   Code   RO          409    .text               os_core.o
    0x08001c30   0x00000840   Code   RO          429    .text               os_flag.o
    0x08002470   0x000003f0   Code   RO          441    .text               os_mbox.o
    0x08002860   0x00000840   Code   RO          483    .text               os_task.o
    0x080030a0   0x00000198   Code   RO          495    .text               os_time.o
    0x08003238   0x0000026c   Code   RO          523    .text               system_stm32f10x.o
    0x080034a4   0x00000040   Code   RO          558    .text               startup_stm32f10x_cl.o
    0x080034e4   0x00001100   Code   RO          562    .text               stm32_eth.o
    0x080045e4   0x000002e4   Code   RO          577    .text               ethernetif.o
    0x080048c8   0x00000c68   Code   RO          663    .text               tcp.o
    0x08005530   0x000013f8   Code   RO          683    .text               tcp_in.o
    0x08006928   0x00000ad8   Code   RO          709    .text               tcp_out.o
    0x08007400   0x00000418   Code   RO          721    .text               udp.o
    0x08007818   0x00000448   Code   RO          781    .text               mem.o
    0x08007c60   0x000000cc   Code   RO          796    .text               memp.o
    0x08007d2c   0x00000210   Code   RO          826    .text               netif.o
    0x08007f3c   0x00000764   Code   RO          844    .text               pbuf.o
    0x080086a0   0x000001ac   Code   RO          856    .text               raw.o
    0x0800884c   0x00000266   Code   RO          876    .text               icmp.o
    0x08008ab2   0x00000002   PAD
    0x08008ab4   0x00000250   Code   RO          894    .text               inet.o
    0x08008d04   0x00000178   Code   RO          907    .text               inet_chksum.o
    0x08008e7c   0x00000340   Code   RO          926    .text               ip.o
    0x080091bc   0x0000004e   Code   RO          940    .text               ip_addr.o
    0x0800920a   0x00000002   PAD
    0x0800920c   0x00000688   Code   RO          962    .text               ip_frag.o
    0x08009894   0x00000a9c   Code   RO          977    .text               etharp.o
    0x0800a330   0x0000026c   Code   RO          997    .text               gsm_com_driver.o
    0x0800a59c   0x00000174   Code   RO         1038    .text               gsm_gb2312_unicode.o
    0x0800a710   0x00000298   Code   RO         1057    .text               gsm_processes.o
    0x0800a9a8   0x00000270   Code   RO         1074    .text               gsm_rxd.o
    0x0800ac18   0x000008b4   Code   RO         1094    .text               gsm_txd.o
    0x0800b4cc   0x000000e0   Code   RO         1110    .text               misc.o
    0x0800b5ac   0x00000130   Code   RO         1122    .text               stm32f10x_exti.o
    0x0800b6dc   0x000005cc   Code   RO         1134    .text               stm32f10x_flash.o
    0x0800bca8   0x00000348   Code   RO         1146    .text               stm32f10x_gpio.o
    0x0800bff0   0x00000040   Code   RO         1158    .text               stm32f10x_iwdg.o
    0x0800c030   0x000004e4   Code   RO         1170    .text               stm32f10x_rcc.o
    0x0800c514   0x00000408   Code   RO         1196    .text               stm32f10x_usart.o
    0x0800c91c   0x00000348   Code   RO         1223    .text               usr_flash.o
    0x0800cc64   0x0000031c   Code   RO         1242    .text               usr_dsp.o
    0x0800cf80   0x000001d8   Code   RO         1271    .text               usr_usart2.o
    0x0800d158   0x0000008e   Code   RO         1293    .text               urlencode.o
    0x0800d1e6   0x00000002   PAD
    0x0800d1e8   0x000001f0   Code   RO         1308    .text               usr_server.o
    0x0800d3d8   0x00000168   Code   RO         1332    .text               usr_http.o
    0x0800d540   0x00000158   Code   RO         1349    .text               usr_sim900.o
    0x0800d698   0x00000028   Code   RO         1366    .text               c89vsprintf.o(c_w.l)
    0x0800d6c0   0x0000002c   Code   RO         1368    .text               __2sprintf.o(c_w.l)
    0x0800d6ec   0x0000004c   Code   RO         1374    .text               _printf_pad.o(c_w.l)
    0x0800d738   0x00000070   Code   RO         1376    .text               _printf_dec.o(c_w.l)
    0x0800d7a8   0x000000b0   Code   RO         1396    .text               _printf_hex_int_ll_ptr.o(c_w.l)
    0x0800d858   0x000001a0   Code   RO         1414    .text               __printf_flags_ss_wp.o(c_w.l)
    0x0800d9f8   0x0000001a   Code   RO         1421    .text               atoi.o(c_w.l)
    0x0800da12   0x0000001a   Code   RO         1423    .text               atol.o(c_w.l)
    0x0800da2c   0x00000018   Code   RO         1425    .text               strcat.o(c_w.l)
    0x0800da44   0x0000004a   Code   RO         1427    .text               strcpy.o(c_w.l)
    0x0800da8e   0x0000008c   Code   RO         1429    .text               strncmp.o(c_w.l)
    0x0800db1a   0x0000003e   Code   RO         1431    .text               strlen.o(c_w.l)
    0x0800db58   0x0000008c   Code   RO         1433    .text               rt_memcpy_v6.o(c_w.l)
    0x0800dbe4   0x00000044   Code   RO         1435    .text               rt_memclr.o(c_w.l)
    0x0800dc28   0x0000004e   Code   RO         1437    .text               rt_memclr_w.o(c_w.l)
    0x0800dc76   0x00000002   PAD
    0x0800dc78   0x00000080   Code   RO         1439    .text               strcmpv7m.o(c_w.l)
    0x0800dcf8   0x00000006   Code   RO         1441    .text               heapauxi.o(c_w.l)
    0x0800dcfe   0x00000002   Code   RO         1443    .text               compat_c99.o(c_w.l)
    0x0800dd00   0x0000000c   Code   RO         1460    .text               rt_errno_addr_intlibspace.o(c_w.l)
    0x0800dd0c   0x00000024   Code   RO         1462    .text               _printf_truncate.o(c_w.l)
    0x0800dd30   0x00000052   Code   RO         1464    .text               _printf_str.o(c_w.l)
    0x0800dd82   0x000000ae   Code   RO         1466    .text               _printf_intcommon.o(c_w.l)
    0x0800de30   0x00000028   Code   RO         1468    .text               _printf_charcount.o(c_w.l)
    0x0800de58   0x00000448   Code   RO         1470    .text               _printf_fp_dec.o(c_w.l)
    0x0800e2a0   0x00000030   Code   RO         1472    .text               _printf_char_common.o(c_w.l)
    0x0800e2d0   0x0000000a   Code   RO         1474    .text               _sputc.o(c_w.l)
    0x0800e2da   0x00000002   PAD
    0x0800e2dc   0x000000b8   Code   RO         1476    .text               _printf_wctomb.o(c_w.l)
    0x0800e394   0x0000008c   Code   RO         1479    .text               _printf_longlong_dec.o(c_w.l)
    0x0800e420   0x00000088   Code   RO         1485    .text               _printf_oct_int_ll.o(c_w.l)
    0x0800e4a8   0x00000070   Code   RO         1507    .text               strtol.o(c_w.l)
    0x0800e518   0x00000064   Code   RO         1509    .text               rt_memcpy_w.o(c_w.l)
    0x0800e57c   0x00000010   Code   RO         1511    .text               rtudiv10.o(c_w.l)
    0x0800e58c   0x00000008   Code   RO         1520    .text               libspace.o(c_w.l)
    0x0800e594   0x00000010   Code   RO         1541    .text               rt_ctype_table.o(c_w.l)
    0x0800e5a4   0x0000000c   Code   RO         1546    .text               rt_locale_intlibspace.o(c_w.l)
    0x0800e5b0   0x0000008a   Code   RO         1548    .text               lludiv10.o(c_w.l)
    0x0800e63a   0x00000002   PAD
    0x0800e63c   0x0000007c   Code   RO         1550    .text               _printf_fp_infnan.o(c_w.l)
    0x0800e6b8   0x0000002c   Code   RO         1554    .text               _printf_char.o(c_w.l)
    0x0800e6e4   0x0000002c   Code   RO         1556    .text               _printf_wchar.o(c_w.l)
    0x0800e710   0x00000098   Code   RO         1558    .text               _strtoul.o(c_w.l)
    0x0800e7a8   0x000000d0   Code   RO         1560    .text               bigflt0.o(c_w.l)
    0x0800e878   0x00000040   Code   RO         1585    .text               _wcrtomb.o(c_w.l)
    0x0800e8b8   0x0000004a   Code   RO         1596    .text               sys_stackheap_outer.o(c_w.l)
    0x0800e902   0x00000020   Code   RO         1598    .text               _chval.o(c_w.l)
    0x0800e922   0x0000000c   Code   RO         1603    .text               exit.o(c_w.l)
    0x0800e92e   0x00000002   PAD
    0x0800e930   0x00000014   Code   RO         1675    .text               sys_exit.o(c_w.l)
    0x0800e944   0x00000002   Code   RO         1686    .text               use_no_semi.o(c_w.l)
    0x0800e946   0x0000003e   Code   RO         1563    CL$$btod_d2e        btod.o(c_w.l)
    0x0800e984   0x00000046   Code   RO         1565    CL$$btod_d2e_denorm_low  btod.o(c_w.l)
    0x0800e9ca   0x00000060   Code   RO         1564    CL$$btod_d2e_norm_op1  btod.o(c_w.l)
    0x0800ea2a   0x00000338   Code   RO         1573    CL$$btod_div_common  btod.o(c_w.l)
    0x0800ed62   0x000000c6   Code   RO         1570    CL$$btod_e2e        btod.o(c_w.l)
    0x0800ee28   0x00000028   Code   RO         1567    CL$$btod_ediv       btod.o(c_w.l)
    0x0800ee50   0x00000028   Code   RO         1566    CL$$btod_emul       btod.o(c_w.l)
    0x0800ee78   0x00000244   Code   RO         1572    CL$$btod_mult_common  btod.o(c_w.l)
    0x0800f0bc   0x00000028   Code   RO         1594    i.__ARM_fpclassify  fpclassify.o(m_ws.l)
    0x0800f0e4   0x0000002c   Code   RO         1588    locale$$code        lc_numeric_c.o(c_w.l)
    0x0800f110   0x0000002c   Code   RO         1601    locale$$code        lc_ctype_c.o(c_w.l)
    0x0800f13c   0x0000002c   Code   RO         1514    x$fpl$dflt          dflt_clz.o(fz_ws.l)
    0x0800f168   0x00000050   Code   RO         1447    x$fpl$f2d           f2d.o(fz_ws.l)
    0x0800f1b8   0x0000000c   Code   RO         1517    x$fpl$fcheck1       fcheck1.o(fz_ws.l)
    0x0800f1c4   0x00000032   Code   RO         1450    x$fpl$fflt          fflt_clz.o(fz_ws.l)
    0x0800f1f6   0x00000004   Code   RO         1453    x$fpl$printf1       printf1.o(fz_ws.l)
    0x0800f1fa   0x00000064   Code   RO         1592    x$fpl$retnan        retnan.o(fz_ws.l)
    0x0800f25e   0x00000030   Code   RO         1653    x$fpl$trapveneer    trapv.o(fz_ws.l)
    0x0800f28e   0x00000000   Code   RO         1519    x$fpl$usenofp       usenofp.o(fz_ws.l)
    0x0800f28e   0x00000002   PAD
    0x0800f290   0x00000074   Data   RO          377    .constdata          os_dbg.o
    0x0800f304   0x00000100   Data   RO          411    .constdata          os_core.o
    0x0800f404   0x00000014   Data   RO          664    .constdata          tcp.o
    0x0800f418   0x00000024   Data   RO          798    .constdata          memp.o
    0x0800f43c   0x00000008   Data   RO          941    .constdata          ip_addr.o
    0x0800f444   0x0000000c   Data   RO          979    .constdata          etharp.o
    0x0800f450   0x00007454   Data   RO         1039    .constdata          gsm_gb2312_unicode.o
    0x080168a4   0x0000006f   Data   RO         1333    .constdata          usr_http.o
    0x08016913   0x00000028   Data   RO         1397    .constdata          _printf_hex_int_ll_ptr.o(c_w.l)
    0x0801693b   0x00000011   Data   RO         1415    .constdata          __printf_flags_ss_wp.o(c_w.l)
    0x0801694c   0x00000008   Data   RO         1477    .constdata          _printf_wctomb.o(c_w.l)
    0x08016954   0x00000094   Data   RO         1561    .constdata          bigflt0.o(c_w.l)
    0x080169e8   0x00000020   Data   RO         1733    Region$$Table       anon$$obj.o
    0x08016a08   0x0000001c   Data   RO         1587    locale$$data        lc_numeric_c.o(c_w.l)
    0x08016a24   0x00000110   Data   RO         1600    locale$$data        lc_ctype_c.o(c_w.l)


    Execution Region RW_IRAM1 (Base: 0x20000000, Size: 0x0000d880, Max: 0x00010000, ABSOLUTE, COMPRESSED[0x0000002c])

    Base Addr    Size         Type   Attr      Idx    E Section Name        Object

    0x20000000   0x00000008   Data   RW            2    .data               main.o
    0x20000008   0x0000001a   Data   RW          241    .data               netconf.o
    0x20000022   0x00000002   PAD
    0x20000024   0x00000004   Data   RW          280    .data               server.o
    0x20000028   0x0000000c   Data   RW          321    .data               usr_task.o
    0x20000034   0x00000040   Data   RW          412    .data               os_core.o
    0x20000074   0x00000014   Data   RW          524    .data               system_stm32f10x.o
    0x20000088   0x00000010   Data   RW          563    .data               stm32_eth.o
    0x20000098   0x00000012   Data   RW          579    .data               ethernetif.o
    0x200000aa   0x00000002   PAD
    0x200000ac   0x00000021   Data   RW          665    .data               tcp.o
    0x200000cd   0x00000003   PAD
    0x200000d0   0x00000020   Data   RW          685    .data               tcp_in.o
    0x200000f0   0x00000004   Data   RW          722    .data               udp.o
    0x200000f4   0x0000000d   Data   RW          783    .data               mem.o
    0x20000101   0x00000003   PAD
    0x20000104   0x0000000c   Data   RW          827    .data               netif.o
    0x20000110   0x00000004   Data   RW          857    .data               raw.o
    0x20000114   0x0000000c   Data   RW          927    .data               ip.o
    0x20000120   0x00000006   Data   RW          964    .data               ip_frag.o
    0x20000126   0x00000001   Data   RW          980    .data               etharp.o
    0x20000127   0x00000001   PAD
    0x20000128   0x00000012   Data   RW         1076    .data               gsm_rxd.o
    0x2000013a   0x00000014   Data   RW         1171    .data               stm32f10x_rcc.o
    0x2000014e   0x00000001   Data   RW         1225    .data               usr_flash.o
    0x2000014f   0x00000001   PAD
    0x20000150   0x00000010   Data   RW         1244    .data               usr_dsp.o
    0x20000160   0x00000030   Zero   RW          240    .bss                netconf.o
    0x20000190   0x00002200   Zero   RW          320    .bss                usr_task.o
    0x20002390   0x00000a80   Zero   RW          410    .bss                os_core.o
    0x20002e10   0x00002400   Zero   RW          578    .bss                ethernetif.o
    0x20005210   0x00000014   Zero   RW          684    .bss                tcp_in.o
    0x20005224   0x00002814   Zero   RW          782    .bss                mem.o
    0x20007a38   0x000046af   Zero   RW          797    .bss                memp.o
    0x2000c0e7   0x00000010   Zero   RW          895    .bss                inet.o
    0x2000c0f7   0x000005e0   Zero   RW          963    .bss                ip_frag.o
    0x2000c6d7   0x00000001   PAD
    0x2000c6d8   0x000000c8   Zero   RW          978    .bss                etharp.o
    0x2000c7a0   0x00000394   Zero   RW         1058    .bss                gsm_processes.o
    0x2000cb34   0x00000190   Zero   RW         1075    .bss                gsm_rxd.o
    0x2000ccc4   0x0000044c   Zero   RW         1095    .bss                gsm_txd.o
    0x2000d110   0x00000014   Zero   RW         1224    .bss                usr_flash.o
    0x2000d124   0x00000030   Zero   RW         1243    .bss                usr_dsp.o
    0x2000d154   0x000000c8   Zero   RW         1309    .bss                usr_server.o
    0x2000d21c   0x00000060   Zero   RW         1521    .bss                libspace.o(c_w.l)
    0x2000d27c   0x00000004   PAD
    0x2000d280   0x00000200   Zero   RW          556    HEAP                startup_stm32f10x_cl.o
    0x2000d480   0x00000400   Zero   RW          555    STACK               startup_stm32f10x_cl.o


==============================================================================

Image component sizes


      Code (inc. data)   RO Data    RW Data    ZI Data      Debug   Object Name

       824         34          0          0          0       2162   bsp.o
        42          0          0          0          0        200   cpu_a.o
      2716         32         12          1        200       8803   etharp.o
       740         42          0         18       9216       4478   ethernetif.o
       620         24          0          0          0       3888   gsm_com_driver.o
       372          6      29780          0          0       3183   gsm_gb2312_unicode.o
       664         18          0          0        916       2416   gsm_processes.o
       624         92          0         18        400       2651   gsm_rxd.o
      2228        454          0          0       1100       6159   gsm_txd.o
       614          0          0          0          0       2434   icmp.o
       592         12          0          0         16       3020   inet.o
       376          0          0          0          0       5102   inet_chksum.o
         0          0          0          0          0        624   init.o
       832         12          0         12          0       3626   ip.o
        78          0          8          0          0       5173   ip_addr.o
      1672         12          0          6       1504       5364   ip_frag.o
       136         12          0          8          0     301649   main.o
      1096         14          0         13      10260       3462   mem.o
       204         10         36          0      18095       2770   memp.o
       224         20          0          0          0       1745   misc.o
       204         38          0         26         48       3883   netconf.o
       528         20          0         12          0       5228   netif.o
      3320        256        256         64       2688      18417   os_core.o
       164         32          0          0          0        276   os_cpu_a.o
       260          6          0          0          0      12007   os_cpu_c.o
       280        184        116          0          0       3254   os_dbg.o
      2112         42          0          0          0       6508   os_flag.o
      1008         22          0          0          0       3918   os_mbox.o
      2112         70          0          0          0       6999   os_task.o
       408         24          0          0          0       1714   os_time.o
      1892          0          0          0          0       5444   pbuf.o
       428          6          0          4          0       3293   raw.o
       636        160          0          4          0       2001   server.o
        64         26        336          0       1536        492   startup_stm32f10x_cl.o
      4352        124          0         16          0      23549   stm32_eth.o
       304         14          0          0          0       2203   stm32f10x_exti.o
      1484         38          0          0          0       8102   stm32f10x_flash.o
       840         38          0          0          0       5629   stm32f10x_gpio.o
       196          4          0          0          0      35403   stm32f10x_it.o
        64          6          0          0          0       1245   stm32f10x_iwdg.o
      1252         58          0         20          0      11074   stm32f10x_rcc.o
      1032         20          0          0          0       8384   stm32f10x_usart.o
       620         48          0         20          0       1855   system_stm32f10x.o
      3176         96         20         33          0      17448   tcp.o
      5112         84          0         32         20      12872   tcp_in.o
      2776         14          0          0          0       6135   tcp_out.o
      1048          8          0          4          0       6057   udp.o
       142          0          0          0          0        625   urlencode.o
       796         34          0         16         48       3861   usr_dsp.o
       840         34          0          1         20       5953   usr_flash.o
       360         88        111          0          0       1995   usr_http.o
       496         24          0          0        200       3477   usr_server.o
       344        152          0          0          0       1141   usr_sim900.o
       424         54          0         12       8704       1776   usr_task.o
       472         40          0          0          0       2730   usr_usart2.o

    ----------------------------------------------------------------------
     54208       2658      30707        352      54972     603857   Object Totals
         0          0         32          0          0          0   (incl. Generated)
         8          0          0         12          1          1   (incl. Padding)

    ----------------------------------------------------------------------

      Code (inc. data)   RO Data    RW Data    ZI Data      Debug   Library Member Name

        44          6          0          0          0         80   __2sprintf.o
        90          0          0          0          0          0   __dczerorl2.o
         8          0          0          0          0         68   __main.o
       416          6         17          0          0         88   __printf_flags_ss_wp.o
        52          8          0          0          0          0   __scatter.o
        28          0          0          0          0          0   __scatter_zi.o
        32          0          0          0          0         68   _chval.o
         6          0          0          0          0          0   _printf_a.o
         6          0          0          0          0          0   _printf_c.o
        44          0          0          0          0        108   _printf_char.o
        48          4          0          0          0         96   _printf_char_common.o
        40          0          0          0          0         68   _printf_charcount.o
         6          0          0          0          0          0   _printf_d.o
       112         16          0          0          0         92   _printf_dec.o
         6          0          0          0          0          0   _printf_e.o
         6          0          0          0          0          0   _printf_f.o
      1096          0          0          0          0        204   _printf_fp_dec.o
       124         16          0          0          0         84   _printf_fp_infnan.o
         6          0          0          0          0          0   _printf_g.o
       176          4         40          0          0        164   _printf_hex_int_ll_ptr.o
         6          0          0          0          0          0   _printf_i.o
       174          0          0          0          0         88   _printf_intcommon.o
        10          0          0          0          0          0   _printf_l.o
         6          0          0          0          0          0   _printf_lc.o
        10          0          0          0          0          0   _printf_ll.o
         6          0          0          0          0          0   _printf_lld.o
         6          0          0          0          0          0   _printf_lli.o
         6          0          0          0          0          0   _printf_llo.o
         6          0          0          0          0          0   _printf_llu.o
         6          0          0          0          0          0   _printf_llx.o
       140         16          0          0          0         96   _printf_longlong_dec.o
         6          0          0          0          0          0   _printf_ls.o
         6          0          0          0          0          0   _printf_n.o
         6          0          0          0          0          0   _printf_o.o
       136          8          0          0          0        136   _printf_oct_int_ll.o
         6          0          0          0          0          0   _printf_p.o
        76          0          0          0          0        104   _printf_pad.o
         0          0          0          0          0          0   _printf_percent.o
         4          0          0          0          0          0   _printf_percent_end.o
         6          0          0          0          0          0   _printf_s.o
        82          0          0          0          0         80   _printf_str.o
        36          0          0          0          0         84   _printf_truncate.o
         6          0          0          0          0          0   _printf_u.o
        44          0          0          0          0        108   _printf_wchar.o
       184          6          8          0          0         88   _printf_wctomb.o
         6          0          0          0          0          0   _printf_x.o
        10          0          0          0          0         68   _sputc.o
       152          0          0          0          0         88   _strtoul.o
        64          0          0          0          0         88   _wcrtomb.o
        26          0          0          0          0         80   atoi.o
        26          0          0          0          0         80   atol.o
       208          6        148          0          0         92   bigflt0.o
      1910        128          0          0          0        660   btod.o
        40          6          0          0          0         76   c89vsprintf.o
         2          0          0          0          0         68   compat_c99.o
        44          0          0          0          0         68   dflt_clz.o
        12          0          0          0          0         68   exit.o
        80          4          0          0          0         68   f2d.o
        12          6          0          0          0         68   fcheck1.o
        50          0          0          0          0         68   fflt_clz.o
        40          0          0          0          0         68   fpclassify.o
         6          0          0          0          0        148   heapauxi.o
        44         10        272          0          0         76   lc_ctype_c.o
        44         10         28          0          0         76   lc_numeric_c.o
         6          0          0          0          0          0   libinit.o
        30          0          0          0          0          0   libinit2.o
         2          0          0          0          0          0   libshutdown.o
         2          0          0          0          0          0   libshutdown2.o
         8          4          0          0         96         68   libspace.o
       138          0          0          0          0         76   lludiv10.o
         4          0          0          0          0         68   printf1.o
       100          0          0          0          0         68   retnan.o
        16          6          0          0          0         76   rt_ctype_table.o
        12          6          0          0          0         68   rt_errno_addr_intlibspace.o
        12          6          0          0          0         68   rt_locale_intlibspace.o
        68          0          0          0          0         68   rt_memclr.o
        78          0          0          0          0         76   rt_memclr_w.o
       140          0          0          0          0         68   rt_memcpy_v6.o
       100          0          0          0          0         80   rt_memcpy_w.o
         0          0          0          0          0          0   rtentry.o
        12          0          0          0          0          0   rtentry2.o
         6          0          0          0          0          0   rtentry4.o
         0          0          0          0          0          0   rtexit.o
         8          0          0          0          0          0   rtexit2.o
        16          0          0          0          0         68   rtudiv10.o
        24          0          0          0          0         68   strcat.o
       128          2          0          0          0         68   strcmpv7m.o
        74          0          0          0          0         76   strcpy.o
        62          0          0          0          0         76   strlen.o
       140          0          0          0          0         80   strncmp.o
       112          0          0          0          0         88   strtol.o
        20         10          0          0          0         68   sys_exit.o
        74          0          0          0          0         80   sys_stackheap_outer.o
        48          0          0          0          0         68   trapv.o
         2          0          0          0          0         68   use_no_semi.o
         0          0          0          0          0          0   usenofp.o

    ----------------------------------------------------------------------
      7552        294        513          0        100       5504   Library Totals
        14          0          0          0          4          0   (incl. Padding)

    ----------------------------------------------------------------------

      Code (inc. data)   RO Data    RW Data    ZI Data      Debug   Library Name

      7160        284        513          0         96       4960   c_w.l
       338         10          0          0          0        476   fz_ws.l
        40          0          0          0          0         68   m_ws.l

    ----------------------------------------------------------------------
      7552        294        513          0        100       5504   Library Totals

    ----------------------------------------------------------------------

==============================================================================


      Code (inc. data)   RO Data    RW Data    ZI Data      Debug   

     61760       2952      31220        352      55072     601312   Grand Totals
     61760       2952      31220         44      55072     601312   ELF Image Totals (compressed)
     61760       2952      31220         44          0          0   ROM Totals

==============================================================================

    Total RO  Size (Code + RO Data)                92980 (  90.80kB)
    Total RW  Size (RW Data + ZI Data)             55424 (  54.13kB)
    Total ROM Size (Code + RO Data + RW Data)      93024 (  90.84kB)

==============================================================================

